
*** Running vivado
    with args -log top.vds -m64 -product Vivado -mode batch -messageDb vivado.pb -notrace -source top.tcl


****** Vivado v2018.3 (64-bit)
  **** SW Build 2405991 on Thu Dec  6 23:38:27 MST 2018
  **** IP Build 2404404 on Fri Dec  7 01:43:56 MST 2018
    ** Copyright 1986-2018 Xilinx, Inc. All Rights Reserved.

source top.tcl -notrace
Command: synth_design -top top -part xc7a35tcsg324-1
Starting synth_design
Attempting to get a license for feature 'Synthesis' and/or device 'xc7a35t'
INFO: [Common 17-349] Got license for feature 'Synthesis' and/or device 'xc7a35t'
INFO: Launching helper process for spawning children vivado processes
INFO: Helper process launched with PID 19916 
---------------------------------------------------------------------------------
Starting Synthesize : Time (s): cpu = 00:00:02 ; elapsed = 00:00:02 . Memory (MB): peak = 363.102 ; gain = 101.996
---------------------------------------------------------------------------------
INFO: [Synth 8-6157] synthesizing module 'top' [C:/Users/dkdkhnt/fproject/Multifunctional_Pocket _nstrument/Multifunctional_Pocket _nstrument.srcs/sources_1/new/top.v:1]
INFO: [Synth 8-6157] synthesizing module 'freq_ctrl_basic' [C:/Users/dkdkhnt/fproject/Multifunctional_Pocket _nstrument/Multifunctional_Pocket _nstrument.srcs/sources_1/new/freq_ctrl_basic.v:1]
INFO: [Synth 8-6155] done synthesizing module 'freq_ctrl_basic' (1#1) [C:/Users/dkdkhnt/fproject/Multifunctional_Pocket _nstrument/Multifunctional_Pocket _nstrument.srcs/sources_1/new/freq_ctrl_basic.v:1]
INFO: [Synth 8-6157] synthesizing module 'freq_ctrl_dds' [C:/Users/dkdkhnt/fproject/Multifunctional_Pocket _nstrument/Multifunctional_Pocket _nstrument.srcs/sources_1/new/freq_ctrl_dds.v:1]
INFO: [Synth 8-6155] done synthesizing module 'freq_ctrl_dds' (2#1) [C:/Users/dkdkhnt/fproject/Multifunctional_Pocket _nstrument/Multifunctional_Pocket _nstrument.srcs/sources_1/new/freq_ctrl_dds.v:1]
INFO: [Synth 8-6157] synthesizing module 'square_gen' [C:/Users/dkdkhnt/fproject/Multifunctional_Pocket _nstrument/Multifunctional_Pocket _nstrument.srcs/sources_1/new/square_gen.v:1]
	Parameter CNT_WIDTH bound to: 32 - type: integer 
INFO: [Synth 8-6155] done synthesizing module 'square_gen' (3#1) [C:/Users/dkdkhnt/fproject/Multifunctional_Pocket _nstrument/Multifunctional_Pocket _nstrument.srcs/sources_1/new/square_gen.v:1]
INFO: [Synth 8-6157] synthesizing module 'triangle_gen' [C:/Users/dkdkhnt/fproject/Multifunctional_Pocket _nstrument/Multifunctional_Pocket _nstrument.srcs/sources_1/new/traingle_gen.v:1]
	Parameter CNT_WIDTH bound to: 32 - type: integer 
	Parameter DATA_WIDTH bound to: 8 - type: integer 
INFO: [Synth 8-6155] done synthesizing module 'triangle_gen' (4#1) [C:/Users/dkdkhnt/fproject/Multifunctional_Pocket _nstrument/Multifunctional_Pocket _nstrument.srcs/sources_1/new/traingle_gen.v:1]
INFO: [Synth 8-6157] synthesizing module 'dds_sine_gen' [C:/Users/dkdkhnt/fproject/Multifunctional_Pocket _nstrument/Multifunctional_Pocket _nstrument.srcs/sources_1/new/dds_sine_gen.v:1]
	Parameter PHASE_WIDTH bound to: 24 - type: integer 
	Parameter DATA_WIDTH bound to: 8 - type: integer 
INFO: [Synth 8-226] default block is never used [C:/Users/dkdkhnt/fproject/Multifunctional_Pocket _nstrument/Multifunctional_Pocket _nstrument.srcs/sources_1/new/dds_sine_gen.v:27]
INFO: [Synth 8-6155] done synthesizing module 'dds_sine_gen' (5#1) [C:/Users/dkdkhnt/fproject/Multifunctional_Pocket _nstrument/Multifunctional_Pocket _nstrument.srcs/sources_1/new/dds_sine_gen.v:1]
INFO: [Synth 8-6157] synthesizing module 'pwm_out' [C:/Users/dkdkhnt/fproject/Multifunctional_Pocket _nstrument/Multifunctional_Pocket _nstrument.srcs/sources_1/new/pwm_out.v:1]
	Parameter DATA_WIDTH bound to: 8 - type: integer 
INFO: [Synth 8-6155] done synthesizing module 'pwm_out' (6#1) [C:/Users/dkdkhnt/fproject/Multifunctional_Pocket _nstrument/Multifunctional_Pocket _nstrument.srcs/sources_1/new/pwm_out.v:1]
INFO: [Synth 8-6157] synthesizing module 'freq_meter' [C:/Users/dkdkhnt/fproject/Multifunctional_Pocket _nstrument/Multifunctional_Pocket _nstrument.srcs/sources_1/new/freq_meter.v:1]
INFO: [Synth 8-6155] done synthesizing module 'freq_meter' (7#1) [C:/Users/dkdkhnt/fproject/Multifunctional_Pocket _nstrument/Multifunctional_Pocket _nstrument.srcs/sources_1/new/freq_meter.v:1]
INFO: [Synth 8-6155] done synthesizing module 'top' (8#1) [C:/Users/dkdkhnt/fproject/Multifunctional_Pocket _nstrument/Multifunctional_Pocket _nstrument.srcs/sources_1/new/top.v:1]
---------------------------------------------------------------------------------
Finished Synthesize : Time (s): cpu = 00:00:03 ; elapsed = 00:00:03 . Memory (MB): peak = 419.867 ; gain = 158.762
---------------------------------------------------------------------------------
---------------------------------------------------------------------------------
Finished Constraint Validation : Time (s): cpu = 00:00:03 ; elapsed = 00:00:03 . Memory (MB): peak = 419.867 ; gain = 158.762
---------------------------------------------------------------------------------
---------------------------------------------------------------------------------
Start Loading Part and Timing Information
---------------------------------------------------------------------------------
Loading part: xc7a35tcsg324-1
---------------------------------------------------------------------------------
Finished Loading Part and Timing Information : Time (s): cpu = 00:00:03 ; elapsed = 00:00:03 . Memory (MB): peak = 419.867 ; gain = 158.762
---------------------------------------------------------------------------------
INFO: [Device 21-403] Loading part xc7a35tcsg324-1
---------------------------------------------------------------------------------
Finished RTL Optimization Phase 2 : Time (s): cpu = 00:00:03 ; elapsed = 00:00:03 . Memory (MB): peak = 419.867 ; gain = 158.762
---------------------------------------------------------------------------------

Report RTL Partitions: 
+-+--------------+------------+----------+
| |RTL Partition |Replication |Instances |
+-+--------------+------------+----------+
+-+--------------+------------+----------+
No constraint files found.
---------------------------------------------------------------------------------
Start RTL Component Statistics 
---------------------------------------------------------------------------------
Detailed RTL Component Info : 
+---Adders : 
	   2 Input      8 Bit       Adders := 3     
+---Registers : 
	               32 Bit    Registers := 1     
	                8 Bit    Registers := 2     
	                1 Bit    Registers := 5     
+---Muxes : 
	   7 Input     17 Bit        Muxes := 1     
	   7 Input     11 Bit        Muxes := 1     
	   2 Input      8 Bit        Muxes := 3     
	   4 Input      8 Bit        Muxes := 1     
	   2 Input      1 Bit        Muxes := 2     
---------------------------------------------------------------------------------
Finished RTL Component Statistics 
---------------------------------------------------------------------------------
---------------------------------------------------------------------------------
Start RTL Hierarchical Component Statistics 
---------------------------------------------------------------------------------
Hierarchical RTL Component report 
Module top 
Detailed RTL Component Info : 
+---Muxes : 
	   4 Input      8 Bit        Muxes := 1     
Module freq_ctrl_basic 
Detailed RTL Component Info : 
+---Muxes : 
	   7 Input     17 Bit        Muxes := 1     
Module freq_ctrl_dds 
Detailed RTL Component Info : 
+---Muxes : 
	   7 Input     11 Bit        Muxes := 1     
Module square_gen 
Detailed RTL Component Info : 
+---Registers : 
	                1 Bit    Registers := 1     
Module triangle_gen 
Detailed RTL Component Info : 
+---Adders : 
	   2 Input      8 Bit       Adders := 2     
+---Registers : 
	                8 Bit    Registers := 1     
	                1 Bit    Registers := 1     
+---Muxes : 
	   2 Input      8 Bit        Muxes := 3     
	   2 Input      1 Bit        Muxes := 1     
Module pwm_out 
Detailed RTL Component Info : 
+---Adders : 
	   2 Input      8 Bit       Adders := 1     
+---Registers : 
	                8 Bit    Registers := 1     
	                1 Bit    Registers := 1     
Module freq_meter 
Detailed RTL Component Info : 
+---Registers : 
	               32 Bit    Registers := 1     
	                1 Bit    Registers := 2     
+---Muxes : 
	   2 Input      1 Bit        Muxes := 1     
---------------------------------------------------------------------------------
Finished RTL Hierarchical Component Statistics
---------------------------------------------------------------------------------
---------------------------------------------------------------------------------
Start Part Resource Summary
---------------------------------------------------------------------------------
Part Resources:
DSPs: 90 (col length:60)
BRAMs: 100 (col length: RAMB18 60 RAMB36 30)
---------------------------------------------------------------------------------
Finished Part Resource Summary
---------------------------------------------------------------------------------
No constraint files found.
---------------------------------------------------------------------------------
Start Cross Boundary and Area Optimization
---------------------------------------------------------------------------------
Warning: Parallel synthesis criteria is not met 
---------------------------------------------------------------------------------
Finished Cross Boundary and Area Optimization : Time (s): cpu = 00:00:05 ; elapsed = 00:00:06 . Memory (MB): peak = 559.465 ; gain = 298.359
---------------------------------------------------------------------------------
---------------------------------------------------------------------------------
Start ROM, RAM, DSP and Shift Register Reporting
---------------------------------------------------------------------------------

ROM:
+-------------+-------------------------+---------------+----------------+
|Module Name  | RTL Object              | Depth x Width | Implemented As | 
+-------------+-------------------------+---------------+----------------+
|dds_sine_gen | sine_out                | 64x8          | LUT            | 
|top          | u_dds_sine_gen/sine_out | 64x8          | LUT            | 
+-------------+-------------------------+---------------+----------------+

---------------------------------------------------------------------------------
Finished ROM, RAM, DSP and Shift Register Reporting
---------------------------------------------------------------------------------

Report RTL Partitions: 
+-+--------------+------------+----------+
| |RTL Partition |Replication |Instances |
+-+--------------+------------+----------+
+-+--------------+------------+----------+
No constraint files found.
---------------------------------------------------------------------------------
Start Timing Optimization
---------------------------------------------------------------------------------
---------------------------------------------------------------------------------
Finished Timing Optimization : Time (s): cpu = 00:00:05 ; elapsed = 00:00:06 . Memory (MB): peak = 559.465 ; gain = 298.359
---------------------------------------------------------------------------------

Report RTL Partitions: 
+-+--------------+------------+----------+
| |RTL Partition |Replication |Instances |
+-+--------------+------------+----------+
+-+--------------+------------+----------+
---------------------------------------------------------------------------------
Start Technology Mapping
---------------------------------------------------------------------------------
---------------------------------------------------------------------------------
Finished Technology Mapping : Time (s): cpu = 00:00:05 ; elapsed = 00:00:06 . Memory (MB): peak = 559.465 ; gain = 298.359
---------------------------------------------------------------------------------

Report RTL Partitions: 
+-+--------------+------------+----------+
| |RTL Partition |Replication |Instances |
+-+--------------+------------+----------+
+-+--------------+------------+----------+
---------------------------------------------------------------------------------
Start IO Insertion
---------------------------------------------------------------------------------
---------------------------------------------------------------------------------
Start Flattening Before IO Insertion
---------------------------------------------------------------------------------
---------------------------------------------------------------------------------
Finished Flattening Before IO Insertion
---------------------------------------------------------------------------------
---------------------------------------------------------------------------------
Start Final Netlist Cleanup
---------------------------------------------------------------------------------
---------------------------------------------------------------------------------
Finished Final Netlist Cleanup
---------------------------------------------------------------------------------
---------------------------------------------------------------------------------
Finished IO Insertion : Time (s): cpu = 00:00:06 ; elapsed = 00:00:07 . Memory (MB): peak = 559.465 ; gain = 298.359
---------------------------------------------------------------------------------

Report Check Netlist: 
+------+------------------+-------+---------+-------+------------------+
|      |Item              |Errors |Warnings |Status |Description       |
+------+------------------+-------+---------+-------+------------------+
|1     |multi_driven_nets |      0|        0|Passed |Multi driven nets |
+------+------------------+-------+---------+-------+------------------+
---------------------------------------------------------------------------------
Start Renaming Generated Instances
---------------------------------------------------------------------------------
---------------------------------------------------------------------------------
Finished Renaming Generated Instances : Time (s): cpu = 00:00:06 ; elapsed = 00:00:07 . Memory (MB): peak = 559.465 ; gain = 298.359
---------------------------------------------------------------------------------

Report RTL Partitions: 
+-+--------------+------------+----------+
| |RTL Partition |Replication |Instances |
+-+--------------+------------+----------+
+-+--------------+------------+----------+
---------------------------------------------------------------------------------
Start Rebuilding User Hierarchy
---------------------------------------------------------------------------------
---------------------------------------------------------------------------------
Finished Rebuilding User Hierarchy : Time (s): cpu = 00:00:06 ; elapsed = 00:00:07 . Memory (MB): peak = 559.465 ; gain = 298.359
---------------------------------------------------------------------------------
---------------------------------------------------------------------------------
Start Renaming Generated Ports
---------------------------------------------------------------------------------
---------------------------------------------------------------------------------
Finished Renaming Generated Ports : Time (s): cpu = 00:00:06 ; elapsed = 00:00:07 . Memory (MB): peak = 559.465 ; gain = 298.359
---------------------------------------------------------------------------------
---------------------------------------------------------------------------------
Start Handling Custom Attributes
---------------------------------------------------------------------------------
---------------------------------------------------------------------------------
Finished Handling Custom Attributes : Time (s): cpu = 00:00:06 ; elapsed = 00:00:07 . Memory (MB): peak = 559.465 ; gain = 298.359
---------------------------------------------------------------------------------
---------------------------------------------------------------------------------
Start Renaming Generated Nets
---------------------------------------------------------------------------------
---------------------------------------------------------------------------------
Finished Renaming Generated Nets : Time (s): cpu = 00:00:06 ; elapsed = 00:00:07 . Memory (MB): peak = 559.465 ; gain = 298.359
---------------------------------------------------------------------------------
---------------------------------------------------------------------------------
Start Writing Synthesis Report
---------------------------------------------------------------------------------

Report BlackBoxes: 
+-+--------------+----------+
| |BlackBox name |Instances |
+-+--------------+----------+
+-+--------------+----------+

Report Cell Usage: 
+------+-------+------+
|      |Cell   |Count |
+------+-------+------+
|1     |BUFG   |     1|
|2     |CARRY4 |    39|
|3     |LUT1   |     4|
|4     |LUT2   |   101|
|5     |LUT3   |    45|
|6     |LUT4   |    26|
|7     |LUT5   |    48|
|8     |LUT6   |    12|
|9     |FDCE   |   172|
|10    |FDPE   |     1|
|11    |IBUF   |     7|
|12    |OBUF   |    41|
+------+-------+------+

Report Instance Areas: 
+------+-----------------+-------------+------+
|      |Instance         |Module       |Cells |
+------+-----------------+-------------+------+
|1     |top              |             |   497|
|2     |  u_dds_sine_gen |dds_sine_gen |    53|
|3     |  u_freq_meter   |freq_meter   |   111|
|4     |  u_pwm_out      |pwm_out      |    23|
|5     |  u_square_gen   |square_gen   |   111|
|6     |  u_triangle_gen |triangle_gen |   150|
+------+-----------------+-------------+------+
---------------------------------------------------------------------------------
Finished Writing Synthesis Report : Time (s): cpu = 00:00:06 ; elapsed = 00:00:07 . Memory (MB): peak = 559.465 ; gain = 298.359
---------------------------------------------------------------------------------
Synthesis finished with 0 errors, 0 critical warnings and 0 warnings.
Synthesis Optimization Runtime : Time (s): cpu = 00:00:06 ; elapsed = 00:00:07 . Memory (MB): peak = 559.465 ; gain = 298.359
Synthesis Optimization Complete : Time (s): cpu = 00:00:06 ; elapsed = 00:00:07 . Memory (MB): peak = 559.465 ; gain = 298.359
INFO: [Project 1-571] Translating synthesized netlist
INFO: [Netlist 29-17] Analyzing 39 Unisim elements for replacement
INFO: [Netlist 29-28] Unisim Transformation completed in 0 CPU seconds
INFO: [Project 1-570] Preparing netlist for logic optimization
INFO: [Opt 31-138] Pushed 0 inverter(s) to 0 load pin(s).
Netlist sorting complete. Time (s): cpu = 00:00:00 ; elapsed = 00:00:00 . Memory (MB): peak = 658.230 ; gain = 0.000
INFO: [Project 1-111] Unisim Transformation Summary:
No Unisim elements were transformed.

INFO: [Common 17-83] Releasing license: Synthesis
26 Infos, 0 Warnings, 0 Critical Warnings and 0 Errors encountered.
synth_design completed successfully
synth_design: Time (s): cpu = 00:00:08 ; elapsed = 00:00:11 . Memory (MB): peak = 658.230 ; gain = 405.230
Netlist sorting complete. Time (s): cpu = 00:00:00 ; elapsed = 00:00:00 . Memory (MB): peak = 658.230 ; gain = 0.000
WARNING: [Constraints 18-5210] No constraints selected for write.
Resolution: This message can indicate that there are no constraints for the design, or it can indicate that the used_in flags are set such that the constraints are ignored. This later case is used when running synth_design to not write synthesis constraints to the resulting checkpoint. Instead, project constraints are read when the synthesized design is opened.
INFO: [Common 17-1381] The checkpoint 'C:/Users/dkdkhnt/fproject/Multifunctional_Pocket _nstrument/Multifunctional_Pocket _nstrument.runs/synth_1/top.dcp' has been generated.
INFO: [runtcl-4] Executing : report_utilization -file top_utilization_synth.rpt -pb top_utilization_synth.pb
INFO: [Common 17-206] Exiting Vivado at Sun Apr 26 15:32:44 2026...
